|--- feature_21 <= 0.50
|   |--- feature_42 <= 8.50
|   |   |--- feature_5 <= 1.50
|   |   |   |--- feature_27 <= 12.50
|   |   |   |   |--- feature_37 <= 4.50
|   |   |   |   |   |--- feature_34 <= 5.00
|   |   |   |   |   |   |--- class: 2
|   |   |   |   |   |--- feature_34 >  5.00
|   |   |   |   |   |   |--- feature_25 <= 3.00
|   |   |   |   |   |   |   |--- class: 6
|   |   |   |   |   |   |--- feature_25 >  3.00
|   |   |   |   |   |   |   |--- class: 8
|   |   |   |   |--- feature_37 >  4.50
|   |   |   |   |   |--- feature_43 <= 12.00
|   |   |   |   |   |   |--- feature_12 <= 9.50
|   |   |   |   |   |   |   |--- feature_35 <= 8.50
|   |   |   |   |   |   |   |   |--- feature_60 <= 14.00
|   |   |   |   |   |   |   |   |   |--- class: 1
|   |   |   |   |   |   |   |   |--- feature_60 >  14.00
|   |   |   |   |   |   |   |   |   |--- class: 5
|   |   |   |   |   |   |   |--- feature_35 >  8.50
|   |   |   |   |   |   |   |   |--- class: 4
|   |   |   |   |   |   |--- feature_12 >  9.50
|   |   |   |   |   |   |   |--- class: 3
|   |   |   |   |   |--- feature_43 >  12.00
|   |   |   |   |   |   |--- class: 7
|   |   |   |--- feature_27 >  12.50
|   |   |   |   |--- feature_46 <= 2.50
|   |   |   |   |   |--- class: 1
|   |   |   |   |--- feature_46 >  2.50
|   |   |   |   |   |--- feature_58 <= 2.00
|   |   |   |   |   |   |--- feature_26 <= 12.00
|   |   |   |   |   |   |   |--- class: 6
|   |   |   |   |   |   |--- feature_26 >  12.00
|   |   |   |   |   |   |   |--- feature_12 <= 13.50
|   |   |   |   |   |   |   |   |--- class: 4
|   |   |   |   |   |   |   |--- feature_12 >  13.50
|   |   |   |   |   |   |   |   |--- class: 8
|   |   |   |   |   |--- feature_58 >  2.00
|   |   |   |   |   |   |--- feature_18 <= 14.50
|   |   |   |   |   |   |   |--- class: 3
|   |   |   |   |   |   |--- feature_18 >  14.50
|   |   |   |   |   |   |   |--- class: 5
|   |   |--- feature_5 >  1.50
|   |   |   |--- feature_18 <= 4.50
|   |   |   |   |--- feature_3 <= 2.50
|   |   |   |   |   |--- class: 4
|   |   |   |   |--- feature_3 >  2.50
|   |   |   |   |   |--- feature_13 <= 8.00
|   |   |   |   |   |   |--- class: 3
|   |   |   |   |   |--- feature_13 >  8.00
|   |   |   |   |   |   |--- class: 7
|   |   |   |--- feature_18 >  4.50
|   |   |   |   |--- feature_16 <= 0.50
|   |   |   |   |   |--- class: 5
|   |   |   |   |--- feature_16 >  0.50
|   |   |   |   |   |--- class: 8
|   |--- feature_42 >  8.50
|   |   |--- feature_54 <= 0.50
|   |   |   |--- feature_37 <= 5.50
|   |   |   |   |--- feature_27 <= 15.00
|   |   |   |   |   |--- feature_61 <= 4.50
|   |   |   |   |   |   |--- feature_17 <= 5.50
|   |   |   |   |   |   |   |--- feature_51 <= 11.00
|   |   |   |   |   |   |   |   |--- class: 0
|   |   |   |   |   |   |   |--- feature_51 >  11.00
|   |   |   |   |   |   |   |   |--- class: 4
|   |   |   |   |   |   |--- feature_17 >  5.50
|   |   |   |   |   |   |   |--- class: 5
|   |   |   |   |   |--- feature_61 >  4.50
|   |   |   |   |   |   |--- feature_4 <= 11.00
|   |   |   |   |   |   |   |--- class: 2
|   |   |   |   |   |   |--- feature_4 >  11.00
|   |   |   |   |   |   |   |--- class: 6
|   |   |   |   |--- feature_27 >  15.00
|   |   |   |   |   |--- feature_11 <= 12.00
|   |   |   |   |   |   |--- class: 4
|   |   |   |   |   |--- feature_11 >  12.00
|   |   |   |   |   |   |--- class: 1
|   |   |   |--- feature_37 >  5.50
|   |   |   |   |--- feature_38 <= 10.50
|   |   |   |   |   |--- class: 4
|   |   |   |   |--- feature_38 >  10.50
|   |   |   |   |   |--- class: 5
|   |   |--- feature_54 >  0.50
|   |   |   |--- feature_9 <= 3.00
|   |   |   |   |--- feature_5 <= 12.50
|   |   |   |   |   |--- class: 6
|   |   |   |   |--- feature_5 >  12.50
|   |   |   |   |   |--- class: 5
|   |   |   |--- feature_9 >  3.00
|   |   |   |   |--- class: 2
|--- feature_21 >  0.50
|   |--- feature_28 <= 0.50
|   |   |--- feature_36 <= 2.00
|   |   |   |--- feature_3 <= 3.00
|   |   |   |   |--- feature_21 <= 9.00
|   |   |   |   |   |--- class: 4
|   |   |   |   |--- feature_21 >  9.00
|   |   |   |   |   |--- class: 1
|   |   |   |--- feature_3 >  3.00
|   |   |   |   |--- feature_34 <= 2.00
|   |   |   |   |   |--- class: 2
|   |   |   |   |--- feature_34 >  2.00
|   |   |   |   |   |--- class: 0
|   |   |--- feature_36 >  2.00
|   |   |   |--- feature_33 <= 5.50
|   |   |   |   |--- feature_14 <= 5.50
|   |   |   |   |   |--- feature_27 <= 6.00
|   |   |   |   |   |   |--- class: 2
|   |   |   |   |   |--- feature_27 >  6.00
|   |   |   |   |   |   |--- feature_1 <= 0.50
|   |   |   |   |   |   |   |--- class: 9
|   |   |   |   |   |   |--- feature_1 >  0.50
|   |   |   |   |   |   |   |--- class: 3
|   |   |   |   |--- feature_14 >  5.50
|   |   |   |   |   |--- class: 7
|   |   |   |--- feature_33 >  5.50
|   |   |   |   |--- class: 4
|   |--- feature_28 >  0.50
|   |   |--- feature_43 <= 1.50
|   |   |   |--- feature_26 <= 1.50
|   |   |   |   |--- feature_19 <= 9.50
|   |   |   |   |   |--- feature_28 <= 4.50
|   |   |   |   |   |   |--- class: 2
|   |   |   |   |   |--- feature_28 >  4.50
|   |   |   |   |   |   |--- class: 3
|   |   |   |   |--- feature_19 >  9.50
|   |   |   |   |   |--- feature_18 <= 4.50
|   |   |   |   |   |   |--- feature_37 <= 7.50
|   |   |   |   |   |   |   |--- class: 8
|   |   |   |   |   |   |--- feature_37 >  7.50
|   |   |   |   |   |   |   |--- feature_38 <= 1.00
|   |   |   |   |   |   |   |   |--- feature_13 <= 1.50
|   |   |   |   |   |   |   |   |   |--- class: 1
|   |   |   |   |   |   |   |   |--- feature_13 >  1.50
|   |   |   |   |   |   |   |   |   |--- class: 2
|   |   |   |   |   |   |   |--- feature_38 >  1.00
|   |   |   |   |   |   |   |   |--- class: 3
|   |   |   |   |   |--- feature_18 >  4.50
|   |   |   |   |   |   |--- class: 9
|   |   |   |--- feature_26 >  1.50
|   |   |   |   |--- feature_21 <= 10.50
|   |   |   |   |   |--- feature_26 <= 9.50
|   |   |   |   |   |   |--- feature_19 <= 10.00
|   |   |   |   |   |   |   |--- class: 3
|   |   |   |   |   |   |--- feature_19 >  10.00
|   |   |   |   |   |   |   |--- feature_36 <= 7.50
|   |   |   |   |   |   |   |   |--- class: 9
|   |   |   |   |   |   |   |--- feature_36 >  7.50
|   |   |   |   |   |   |   |   |--- class: 8
|   |   |   |   |   |--- feature_26 >  9.50
|   |   |   |   |   |   |--- feature_35 <= 9.50
|   |   |   |   |   |   |   |--- feature_45 <= 6.50
|   |   |   |   |   |   |   |   |--- class: 9
|   |   |   |   |   |   |   |--- feature_45 >  6.50
|   |   |   |   |   |   |   |   |--- feature_18 <= 8.00
|   |   |   |   |   |   |   |   |   |--- class: 9
|   |   |   |   |   |   |   |   |--- feature_18 >  8.00
|   |   |   |   |   |   |   |   |   |--- feature_42 <= 11.50
|   |   |   |   |   |   |   |   |   |   |--- class: 5
|   |   |   |   |   |   |   |   |   |--- feature_42 >  11.50
|   |   |   |   |   |   |   |   |   |   |--- class: 6
|   |   |   |   |   |   |--- feature_35 >  9.50
|   |   |   |   |   |   |   |--- feature_33 <= 3.50
|   |   |   |   |   |   |   |   |--- feature_28 <= 10.50
|   |   |   |   |   |   |   |   |   |--- class: 8
|   |   |   |   |   |   |   |   |--- feature_28 >  10.50
|   |   |   |   |   |   |   |   |   |--- class: 9
|   |   |   |   |   |   |   |--- feature_33 >  3.50
|   |   |   |   |   |   |   |   |--- class: 4
|   |   |   |   |--- feature_21 >  10.50
|   |   |   |   |   |--- feature_33 <= 2.50
|   |   |   |   |   |   |--- feature_42 <= 11.00
|   |   |   |   |   |   |   |--- feature_25 <= 8.50
|   |   |   |   |   |   |   |   |--- feature_27 <= 3.50
|   |   |   |   |   |   |   |   |   |--- feature_5 <= 15.50
|   |   |   |   |   |   |   |   |   |   |--- feature_22 <= 2.00
|   |   |   |   |   |   |   |   |   |   |   |--- class: 3
|   |   |   |   |   |   |   |   |   |   |--- feature_22 >  2.00
|   |   |   |   |   |   |   |   |   |   |   |--- truncated branch of depth 2
|   |   |   |   |   |   |   |   |   |--- feature_5 >  15.50
|   |   |   |   |   |   |   |   |   |   |--- class: 1
|   |   |   |   |   |   |   |   |--- feature_27 >  3.50
|   |   |   |   |   |   |   |   |   |--- feature_18 <= 3.50
|   |   |   |   |   |   |   |   |   |   |--- class: 1
|   |   |   |   |   |   |   |   |   |--- feature_18 >  3.50
|   |   |   |   |   |   |   |   |   |   |--- feature_29 <= 6.50
|   |   |   |   |   |   |   |   |   |   |   |--- truncated branch of depth 2
|   |   |   |   |   |   |   |   |   |   |--- feature_29 >  6.50
|   |   |   |   |   |   |   |   |   |   |   |--- class: 9
|   |   |   |   |   |   |   |--- feature_25 >  8.50
|   |   |   |   |   |   |   |   |--- class: 1
|   |   |   |   |   |   |--- feature_42 >  11.00
|   |   |   |   |   |   |   |--- feature_51 <= 7.00
|   |   |   |   |   |   |   |   |--- class: 8
|   |   |   |   |   |   |   |--- feature_51 >  7.00
|   |   |   |   |   |   |   |   |--- class: 5
|   |   |   |   |   |--- feature_33 >  2.50
|   |   |   |   |   |   |--- feature_28 <= 4.50
|   |   |   |   |   |   |   |--- class: 0
|   |   |   |   |   |   |--- feature_28 >  4.50
|   |   |   |   |   |   |   |--- feature_35 <= 9.50
|   |   |   |   |   |   |   |   |--- feature_36 <= 1.50
|   |   |   |   |   |   |   |   |   |--- class: 5
|   |   |   |   |   |   |   |   |--- feature_36 >  1.50
|   |   |   |   |   |   |   |   |   |--- class: 1
|   |   |   |   |   |   |   |--- feature_35 >  9.50
|   |   |   |   |   |   |   |   |--- feature_44 <= 6.00
|   |   |   |   |   |   |   |   |   |--- class: 9
|   |   |   |   |   |   |   |   |--- feature_44 >  6.00
|   |   |   |   |   |   |   |   |   |--- feature_61 <= 3.00
|   |   |   |   |   |   |   |   |   |   |--- feature_43 <= 0.50
|   |   |   |   |   |   |   |   |   |   |   |--- class: 7
|   |   |   |   |   |   |   |   |   |   |--- feature_43 >  0.50
|   |   |   |   |   |   |   |   |   |   |   |--- class: 4
|   |   |   |   |   |   |   |   |   |--- feature_61 >  3.00
|   |   |   |   |   |   |   |   |   |   |--- class: 8
|   |   |--- feature_43 >  1.50
|   |   |   |--- feature_60 <= 5.50
|   |   |   |   |--- feature_26 <= 12.50
|   |   |   |   |   |--- feature_37 <= 0.50
|   |   |   |   |   |   |--- feature_59 <= 13.50
|   |   |   |   |   |   |   |--- feature_27 <= 14.50
|   |   |   |   |   |   |   |   |--- class: 3
|   |   |   |   |   |   |   |--- feature_27 >  14.50
|   |   |   |   |   |   |   |   |--- feature_22 <= 4.00
|   |   |   |   |   |   |   |   |   |--- feature_26 <= 9.00
|   |   |   |   |   |   |   |   |   |   |--- class: 1
|   |   |   |   |   |   |   |   |   |--- feature_26 >  9.00
|   |   |   |   |   |   |   |   |   |   |--- feature_58 <= 8.50
|   |   |   |   |   |   |   |   |   |   |   |--- class: 9
|   |   |   |   |   |   |   |   |   |   |--- feature_58 >  8.50
|   |   |   |   |   |   |   |   |   |   |   |--- class: 4
|   |   |   |   |   |   |   |   |--- feature_22 >  4.00
|   |   |   |   |   |   |   |   |   |--- class: 7
|   |   |   |   |   |   |--- feature_59 >  13.50
|   |   |   |   |   |   |   |--- class: 8
|   |   |   |   |   |--- feature_37 >  0.50
|   |   |   |   |   |   |--- feature_53 <= 6.00
|   |   |   |   |   |   |   |--- feature_38 <= 10.50
|   |   |   |   |   |   |   |   |--- class: 7
|   |   |   |   |   |   |   |--- feature_38 >  10.50
|   |   |   |   |   |   |   |   |--- class: 4
|   |   |   |   |   |   |--- feature_53 >  6.00
|   |   |   |   |   |   |   |--- feature_27 <= 5.00
|   |   |   |   |   |   |   |   |--- class: 2
|   |   |   |   |   |   |   |--- feature_27 >  5.00
|   |   |   |   |   |   |   |   |--- feature_60 <= 4.50
|   |   |   |   |   |   |   |   |   |--- class: 1
|   |   |   |   |   |   |   |   |--- feature_60 >  4.50
|   |   |   |   |   |   |   |   |   |--- class: 8
|   |   |   |   |--- feature_26 >  12.50
|   |   |   |   |   |--- feature_5 <= 1.00
|   |   |   |   |   |   |--- feature_29 <= 5.00
|   |   |   |   |   |   |   |--- feature_45 <= 3.50
|   |   |   |   |   |   |   |   |--- class: 1
|   |   |   |   |   |   |   |--- feature_45 >  3.50
|   |   |   |   |   |   |   |   |--- class: 5
|   |   |   |   |   |   |--- feature_29 >  5.00
|   |   |   |   |   |   |   |--- class: 4
|   |   |   |   |   |--- feature_5 >  1.00
|   |   |   |   |   |   |--- feature_17 <= 4.50
|   |   |   |   |   |   |   |--- feature_34 <= 11.50
|   |   |   |   |   |   |   |   |--- feature_29 <= 6.50
|   |   |   |   |   |   |   |   |   |--- class: 9
|   |   |   |   |   |   |   |   |--- feature_29 >  6.50
|   |   |   |   |   |   |   |   |   |--- class: 7
|   |   |   |   |   |   |   |--- feature_34 >  11.50
|   |   |   |   |   |   |   |   |--- feature_37 <= 3.50
|   |   |   |   |   |   |   |   |   |--- feature_52 <= 2.50
|   |   |   |   |   |   |   |   |   |   |--- class: 8
|   |   |   |   |   |   |   |   |   |--- feature_52 >  2.50
|   |   |   |   |   |   |   |   |   |   |--- class: 1
|   |   |   |   |   |   |   |   |--- feature_37 >  3.50
|   |   |   |   |   |   |   |   |   |--- class: 4
|   |   |   |   |   |   |--- feature_17 >  4.50
|   |   |   |   |   |   |   |--- feature_57 <= 2.00
|   |   |   |   |   |   |   |   |--- class: 9
|   |   |   |   |   |   |   |--- feature_57 >  2.00
|   |   |   |   |   |   |   |   |--- class: 5
|   |   |   |--- feature_60 >  5.50
|   |   |   |   |--- feature_33 <= 3.50
|   |   |   |   |   |--- feature_27 <= 7.50
|   |   |   |   |   |   |--- feature_38 <= 0.50
|   |   |   |   |   |   |   |--- feature_45 <= 11.00
|   |   |   |   |   |   |   |   |--- feature_50 <= 0.50
|   |   |   |   |   |   |   |   |   |--- feature_51 <= 12.50
|   |   |   |   |   |   |   |   |   |   |--- feature_42 <= 2.50
|   |   |   |   |   |   |   |   |   |   |   |--- truncated branch of depth 2
|   |   |   |   |   |   |   |   |   |   |--- feature_42 >  2.50
|   |   |   |   |   |   |   |   |   |   |   |--- class: 3
|   |   |   |   |   |   |   |   |   |--- feature_51 >  12.50
|   |   |   |   |   |   |   |   |   |   |--- class: 1
|   |   |   |   |   |   |   |   |--- feature_50 >  0.50
|   |   |   |   |   |   |   |   |   |--- feature_30 <= 7.00
|   |   |   |   |   |   |   |   |   |   |--- class: 2
|   |   |   |   |   |   |   |   |   |--- feature_30 >  7.00
|   |   |   |   |   |   |   |   |   |   |--- class: 8
|   |   |   |   |   |   |   |--- feature_45 >  11.00
|   |   |   |   |   |   |   |   |--- class: 8
|   |   |   |   |   |   |--- feature_38 >  0.50
|   |   |   |   |   |   |   |--- feature_25 <= 0.50
|   |   |   |   |   |   |   |   |--- feature_38 <= 2.00
|   |   |   |   |   |   |   |   |   |--- class: 3
|   |   |   |   |   |   |   |   |--- feature_38 >  2.00
|   |   |   |   |   |   |   |   |   |--- class: 7
|   |   |   |   |   |   |   |--- feature_25 >  0.50
|   |   |   |   |   |   |   |   |--- feature_44 <= 3.50
|   |   |   |   |   |   |   |   |   |--- class: 9
|   |   |   |   |   |   |   |   |--- feature_44 >  3.50
|   |   |   |   |   |   |   |   |   |--- feature_9 <= 2.00
|   |   |   |   |   |   |   |   |   |   |--- class: 4
|   |   |   |   |   |   |   |   |   |--- feature_9 >  2.00
|   |   |   |   |   |   |   |   |   |   |--- class: 3
|   |   |   |   |   |--- feature_27 >  7.50
|   |   |   |   |   |   |--- feature_20 <= 15.50
|   |   |   |   |   |   |   |--- feature_18 <= 2.50
|   |   |   |   |   |   |   |   |--- feature_58 <= 4.00
|   |   |   |   |   |   |   |   |   |--- feature_6 <= 2.50
|   |   |   |   |   |   |   |   |   |   |--- feature_11 <= 9.50
|   |   |   |   |   |   |   |   |   |   |   |--- class: 6
|   |   |   |   |   |   |   |   |   |   |--- feature_11 >  9.50
|   |   |   |   |   |   |   |   |   |   |   |--- class: 8
|   |   |   |   |   |   |   |   |   |--- feature_6 >  2.50
|   |   |   |   |   |   |   |   |   |   |--- class: 7
|   |   |   |   |   |   |   |   |--- feature_58 >  4.00
|   |   |   |   |   |   |   |   |   |--- feature_21 <= 6.00
|   |   |   |   |   |   |   |   |   |   |--- class: 2
|   |   |   |   |   |   |   |   |   |--- feature_21 >  6.00
|   |   |   |   |   |   |   |   |   |   |--- class: 3
|   |   |   |   |   |   |   |--- feature_18 >  2.50
|   |   |   |   |   |   |   |   |--- feature_38 <= 4.00
|   |   |   |   |   |   |   |   |   |--- feature_26 <= 0.50
|   |   |   |   |   |   |   |   |   |   |--- feature_54 <= 0.50
|   |   |   |   |   |   |   |   |   |   |   |--- class: 8
|   |   |   |   |   |   |   |   |   |   |--- feature_54 >  0.50
|   |   |   |   |   |   |   |   |   |   |   |--- truncated branch of depth 2
|   |   |   |   |   |   |   |   |   |--- feature_26 >  0.50
|   |   |   |   |   |   |   |   |   |   |--- feature_6 <= 5.50
|   |   |   |   |   |   |   |   |   |   |   |--- truncated branch of depth 5
|   |   |   |   |   |   |   |   |   |   |--- feature_6 >  5.50
|   |   |   |   |   |   |   |   |   |   |   |--- class: 7
|   |   |   |   |   |   |   |   |--- feature_38 >  4.00
|   |   |   |   |   |   |   |   |   |--- feature_35 <= 9.00
|   |   |   |   |   |   |   |   |   |   |--- class: 9
|   |   |   |   |   |   |   |   |   |--- feature_35 >  9.00
|   |   |   |   |   |   |   |   |   |   |--- feature_53 <= 7.50
|   |   |   |   |   |   |   |   |   |   |   |--- class: 7
|   |   |   |   |   |   |   |   |   |   |--- feature_53 >  7.50
|   |   |   |   |   |   |   |   |   |   |   |--- class: 3
|   |   |   |   |   |   |--- feature_20 >  15.50
|   |   |   |   |   |   |   |--- feature_44 <= 6.50
|   |   |   |   |   |   |   |   |--- feature_37 <= 6.00
|   |   |   |   |   |   |   |   |   |--- class: 2
|   |   |   |   |   |   |   |   |--- feature_37 >  6.00
|   |   |   |   |   |   |   |   |   |--- feature_59 <= 13.50
|   |   |   |   |   |   |   |   |   |   |--- class: 3
|   |   |   |   |   |   |   |   |   |--- feature_59 >  13.50
|   |   |   |   |   |   |   |   |   |   |--- class: 8
|   |   |   |   |   |   |   |--- feature_44 >  6.50
|   |   |   |   |   |   |   |   |--- feature_10 <= 14.50
|   |   |   |   |   |   |   |   |   |--- feature_52 <= 9.00
|   |   |   |   |   |   |   |   |   |   |--- feature_53 <= 6.00
|   |   |   |   |   |   |   |   |   |   |   |--- class: 1
|   |   |   |   |   |   |   |   |   |   |--- feature_53 >  6.00
|   |   |   |   |   |   |   |   |   |   |   |--- class: 8
|   |   |   |   |   |   |   |   |   |--- feature_52 >  9.00
|   |   |   |   |   |   |   |   |   |   |--- feature_49 <= 4.00
|   |   |   |   |   |   |   |   |   |   |   |--- truncated branch of depth 5
|   |   |   |   |   |   |   |   |   |   |--- feature_49 >  4.00
|   |   |   |   |   |   |   |   |   |   |   |--- class: 4
|   |   |   |   |   |   |   |   |--- feature_10 >  14.50
|   |   |   |   |   |   |   |   |   |--- feature_50 <= 6.50
|   |   |   |   |   |   |   |   |   |   |--- class: 3
|   |   |   |   |   |   |   |   |   |--- feature_50 >  6.50
|   |   |   |   |   |   |   |   |   |   |--- class: 8
|   |   |   |   |--- feature_33 >  3.50
|   |   |   |   |   |--- feature_27 <= 15.50
|   |   |   |   |   |   |--- feature_44 <= 7.50
|   |   |   |   |   |   |   |--- feature_12 <= 13.50
|   |   |   |   |   |   |   |   |--- feature_61 <= 4.50
|   |   |   |   |   |   |   |   |   |--- class: 8
|   |   |   |   |   |   |   |   |--- feature_61 >  4.50
|   |   |   |   |   |   |   |   |   |--- feature_34 <= 12.00
|   |   |   |   |   |   |   |   |   |   |--- class: 2
|   |   |   |   |   |   |   |   |   |--- feature_34 >  12.00
|   |   |   |   |   |   |   |   |   |   |--- class: 6
|   |   |   |   |   |   |   |--- feature_12 >  13.50
|   |   |   |   |   |   |   |   |--- class: 0
|   |   |   |   |   |   |--- feature_44 >  7.50
|   |   |   |   |   |   |   |--- feature_19 <= 1.50
|   |   |   |   |   |   |   |   |--- class: 7
|   |   |   |   |   |   |   |--- feature_19 >  1.50
|   |   |   |   |   |   |   |   |--- feature_34 <= 8.50
|   |   |   |   |   |   |   |   |   |--- feature_26 <= 15.50
|   |   |   |   |   |   |   |   |   |   |--- class: 7
|   |   |   |   |   |   |   |   |   |--- feature_26 >  15.50
|   |   |   |   |   |   |   |   |   |   |--- class: 1
|   |   |   |   |   |   |   |   |--- feature_34 >  8.50
|   |   |   |   |   |   |   |   |   |--- class: 4
|   |   |   |   |   |--- feature_27 >  15.50
|   |   |   |   |   |   |--- feature_38 <= 6.50
|   |   |   |   |   |   |   |--- feature_28 <= 8.50
|   |   |   |   |   |   |   |   |--- class: 8
|   |   |   |   |   |   |   |--- feature_28 >  8.50
|   |   |   |   |   |   |   |   |--- class: 1
|   |   |   |   |   |   |--- feature_38 >  6.50
|   |   |   |   |   |   |   |--- class: 4
